#
# There is insufficient memory for the Java Runtime Environment to continue.
# Native memory allocation (mmap) failed to map 266338304 bytes for G1 virtual space
# Possible reasons:
#   The system is out of physical RAM or swap space
#   The process is running with CompressedOops enabled, and the Java Heap may be blocking the growth of the native heap
# Possible solutions:
#   Reduce memory load on the system
#   Increase physical memory or swap space
#   Check if swap backing store is full
#   Decrease Java heap size (-Xmx/-Xms)
#   Decrease number of Java threads
#   Decrease Java thread stack sizes (-Xss)
#   Set larger code cache with -XX:ReservedCodeCacheSize=
#   JVM is running with Zero Based Compressed Oops mode in which the Java heap is
#     placed in the first 32GB address space. The Java Heap base address is the
#     maximum limit for the native heap growth. Please use -XX:HeapBaseMinAddress
#     to set the Java Heap base and to place the Java Heap above 32GB virtual address.
# This output file may be truncated or incomplete.
#
#  Out of Memory Error (os_windows.cpp:3604), pid=9676, tid=17140
#
# JRE version:  (21.0.11+9) (build )
# Java VM: Java HotSpot(TM) 64-Bit Server VM (21.0.11+9-LTS-211, mixed mode, sharing, tiered, compressed oops, compressed class ptrs, g1 gc, windows-amd64)
# No core dump will be written. Minidumps are not enabled by default on client versions of Windows
#

---------------  S U M M A R Y ------------

Command Line: --enable-native-access=ALL-UNNAMED 

Host: 12th Gen Intel(R) Core(TM) i5-12400F, 12 cores, 15G,  Windows 11 , 64 bit Build 26100 (10.0.26100.8875)
Time: Mon Aug 10 17:12:05 2026 Hora oficial do Brasil elapsed time: 2.033924 seconds (0d 0h 0m 2s)

---------------  T H R E A D  ---------------

Current thread (0x000002508797e080):  JavaThread "Unknown thread" [_thread_in_vm, id=17140, stack(0x000000f996900000,0x000000f996a00000) (1024K)]

Stack: [0x000000f996900000,0x000000f996a00000]
Native frames: (J=compiled Java code, j=interpreted, Vv=VM code, C=native code)
V  [jvm.dll+0x6d0ef9]
V  [jvm.dll+0x860126]
V  [jvm.dll+0x86261e]
V  [jvm.dll+0x862cf3]
V  [jvm.dll+0x282bc6]
V  [jvm.dll+0x6cd7a5]
V  [jvm.dll+0x6c232a]
V  [jvm.dll+0x35bfb8]
V  [jvm.dll+0x363c76]
V  [jvm.dll+0x3b4d8e]
V  [jvm.dll+0x3b5038]
V  [jvm.dll+0x32fa6c]
V  [jvm.dll+0x3305c1]
V  [jvm.dll+0x82a10e]
V  [jvm.dll+0x3c1d21]
V  [jvm.dll+0x812fda]
V  [jvm.dll+0x454701]
V  [jvm.dll+0x456151]
C  [jli.dll+0x5310]
C  [ucrtbase.dll+0x2cd30]
C  [KERNEL32.DLL+0x2e957]
C  [ntdll.dll+0xaad6c]


---------------  P R O C E S S  ---------------

Threads class SMR info:
_java_thread_list=0x00007ffd13459c88, length=0, elements={
}

Java Threads: ( => current thread )
Total: 0

Other Threads:
  0x0000025087fec5f0 WorkerThread "GC Thread#0"                     [id=2080, stack(0x000000f996a00000,0x000000f996b00000) (1024K)]
  0x0000025087ffe0f0 ConcurrentGCThread "G1 Main Marker"            [id=13400, stack(0x000000f996b00000,0x000000f996c00000) (1024K)]
  0x0000025087ffec00 WorkerThread "G1 Conc#0"                       [id=17328, stack(0x000000f996c00000,0x000000f996d00000) (1024K)]

[error occurred during error reporting (printing all threads), id 0xc0000005, EXCEPTION_ACCESS_VIOLATION (0xc0000005) at pc=0x00007ffd12bc26f7]
VM state: not at safepoint (not fully initialized)

VM Mutex/Monitor currently owned by a thread:  ([mutex/lock_event])
[0x00007ffd134cb050] Heap_lock - owner thread: 0x000002508797e080

Heap address: 0x0000000703600000, size: 4042 MB, Compressed Oops mode: Zero based, Oop shift amount: 3

CDS archive(s) mapped at: [0x0000000000000000-0x0000000000000000-0x0000000000000000), size 0, SharedBaseAddress: 0x0000000800000000, ArchiveRelocationMode: 1.
Narrow klass base: 0x0000000000000000, Narrow klass shift: 0, Narrow klass range: 0x0

GC Precious Log:
 CardTable entry size: 512
 Card Set container configuration: InlinePtr #cards 4 size 8 Array Of Cards #cards 16 size 48 Howl #buckets 8 coarsen threshold 3686 Howl Bitmap #cards 512 size 80 coarsen threshold 460 Card regions per heap region 1 cards per card region 4096

Heap:
 garbage-first heap   total 0K, used 0K [0x0000000703600000, 0x0000000800000000)
  region size 2048K, 0 young (0K), 0 survivors (0K)

[error occurred during error reporting (printing heap information), id 0xc0000005, EXCEPTION_ACCESS_VIOLATION (0xc0000005) at pc=0x00007ffd12faafd9]
GC Heap History (0 events):
No events

Dll operation events (1 events):
Event: 0.007 Loaded shared library C:\Program Files\Java\jdk-21.0.11\bin\java.dll

Deoptimization events (0 events):
No events

Classes loaded (0 events):
No events

Classes unloaded (0 events):
No events

Classes redefined (0 events):
No events

Internal exceptions (0 events):
No events

ZGC Phase Switch (0 events):
No events

VM Operations (0 events):
No events

Events (0 events):
No events


Dynamic libraries:
0x00007ff65b920000 - 0x00007ff65b930000 	C:\Program Files\Java\jdk-21.0.11\bin\java.exe
0x00007ffda9440000 - 0x00007ffda96a6000 	C:\WINDOWS\SYSTEM32\ntdll.dll
0x00007ffda8df0000 - 0x00007ffda8eb9000 	C:\WINDOWS\System32\KERNEL32.DLL
0x00007ffda6720000 - 0x00007ffda6b1e000 	C:\WINDOWS\System32\KERNELBASE.dll
0x00007ffda6d70000 - 0x00007ffda6ebc000 	C:\WINDOWS\System32\ucrtbase.dll
0x00007ffd9b620000 - 0x00007ffd9b639000 	C:\Program Files\Java\jdk-21.0.11\bin\jli.dll
0x00007ffda24a0000 - 0x00007ffda24be000 	C:\Program Files\Java\jdk-21.0.11\bin\VCRUNTIME140.dll
0x00007ffda8360000 - 0x00007ffda8417000 	C:\WINDOWS\System32\ADVAPI32.dll
0x00007ffda9150000 - 0x00007ffda91f9000 	C:\WINDOWS\System32\msvcrt.dll
0x00007ffda8ee0000 - 0x00007ffda8f8a000 	C:\WINDOWS\System32\sechost.dll
0x00007ffda8c40000 - 0x00007ffda8d58000 	C:\WINDOWS\System32\RPCRT4.dll
0x00007ffda7600000 - 0x00007ffda77c7000 	C:\WINDOWS\System32\USER32.dll
0x00007ffda6ed0000 - 0x00007ffda6ef7000 	C:\WINDOWS\System32\win32u.dll
0x00007ffd9b070000 - 0x00007ffd9b302000 	C:\WINDOWS\WinSxS\amd64_microsoft.windows.common-controls_6595b64144ccf1df_6.0.26100.8875_none_3e0d5d42e32fe9dd\COMCTL32.dll
0x00007ffda7e40000 - 0x00007ffda7e6b000 	C:\WINDOWS\System32\GDI32.dll
0x00007ffda6f00000 - 0x00007ffda702a000 	C:\WINDOWS\System32\gdi32full.dll
0x00007ffda7030000 - 0x00007ffda70d3000 	C:\WINDOWS\System32\msvcp_win.dll
0x00007ffda0830000 - 0x00007ffda083b000 	C:\WINDOWS\SYSTEM32\VERSION.dll
0x00007ffda8320000 - 0x00007ffda8352000 	C:\WINDOWS\System32\IMM32.DLL
0x00007ffda2530000 - 0x00007ffda253c000 	C:\Program Files\Java\jdk-21.0.11\bin\vcruntime140_1.dll
0x00007ffd7fd50000 - 0x00007ffd7fddd000 	C:\Program Files\Java\jdk-21.0.11\bin\msvcp140.dll
0x00007ffd12880000 - 0x00007ffd135a8000 	C:\Program Files\Java\jdk-21.0.11\bin\server\jvm.dll
0x00007ffda9000000 - 0x00007ffda9080000 	C:\WINDOWS\System32\WS2_32.dll
0x00007ffda6410000 - 0x00007ffda646e000 	C:\WINDOWS\SYSTEM32\POWRPROF.dll
0x00007ffd9b310000 - 0x00007ffd9b346000 	C:\WINDOWS\SYSTEM32\WINMM.dll
0x00007ffda63f0000 - 0x00007ffda6404000 	C:\WINDOWS\SYSTEM32\UMPDC.dll
0x00007ffda5310000 - 0x00007ffda532b000 	C:\WINDOWS\SYSTEM32\kernel.appcore.dll
0x00007ffda2490000 - 0x00007ffda249a000 	C:\Program Files\Java\jdk-21.0.11\bin\jimage.dll
0x00007ffda3a70000 - 0x00007ffda3cb2000 	C:\WINDOWS\SYSTEM32\DBGHELP.DLL
0x00007ffda7ab0000 - 0x00007ffda7e33000 	C:\WINDOWS\System32\combase.dll
0x00007ffda7e70000 - 0x00007ffda7f49000 	C:\WINDOWS\System32\OLEAUT32.dll
0x00007ffd8dbb0000 - 0x00007ffd8dbeb000 	C:\WINDOWS\SYSTEM32\dbgcore.DLL
0x00007ffda6660000 - 0x00007ffda670c000 	C:\WINDOWS\System32\bcryptPrimitives.dll
0x00007ffd93b30000 - 0x00007ffd93b51000 	C:\Program Files\Java\jdk-21.0.11\bin\java.dll

dbghelp: loaded successfully - version: 4.0.5 - missing functions: none
symbol engine: initialized successfully - sym options: 0x614 - pdb path: .;C:\Program Files\Java\jdk-21.0.11\bin;C:\WINDOWS\SYSTEM32;C:\WINDOWS\WinSxS\amd64_microsoft.windows.common-controls_6595b64144ccf1df_6.0.26100.8875_none_3e0d5d42e32fe9dd;C:\Program Files\Java\jdk-21.0.11\bin\server

VM Arguments:
jvm_args: --enable-native-access=ALL-UNNAMED 
java_command: <unknown>
java_class_path (initial): <not set>
Launcher Type: SUN_STANDARD

[Global flags]
     intx CICompilerCount                          = 4                                         {product} {ergonomic}
     uint ConcGCThreads                            = 3                                         {product} {ergonomic}
     uint G1ConcRefinementThreads                  = 10                                        {product} {ergonomic}
   size_t G1HeapRegionSize                         = 2097152                                   {product} {ergonomic}
    uintx GCDrainStackTargetSize                   = 64                                        {product} {ergonomic}
   size_t InitialHeapSize                          = 266338304                                 {product} {ergonomic}
   size_t MarkStackSize                            = 4194304                                   {product} {ergonomic}
   size_t MaxHeapSize                              = 4238344192                                {product} {ergonomic}
   size_t MinHeapDeltaBytes                        = 2097152                                   {product} {ergonomic}
   size_t MinHeapSize                              = 8388608                                   {product} {ergonomic}
    uintx NonNMethodCodeHeapSize                   = 5839372                                {pd product} {ergonomic}
    uintx NonProfiledCodeHeapSize                  = 122909434                              {pd product} {ergonomic}
     bool PerfDisableSharedMem                     = true                                      {product} {ergonomic}
    uintx ProfiledCodeHeapSize                     = 122909434                              {pd product} {ergonomic}
    uintx ReservedCodeCacheSize                    = 251658240                              {pd product} {ergonomic}
     bool SegmentedCodeCache                       = true                                      {product} {ergonomic}
   size_t SoftMaxHeapSize                          = 4238344192                             {manageable} {ergonomic}
     bool UseCompressedOops                        = true                           {product lp64_product} {ergonomic}
     bool UseG1GC                                  = true                                      {product} {ergonomic}
     bool UseLargePagesIndividualAllocation        = false                                  {pd product} {ergonomic}

Logging:
Log output configuration:
 #0: stdout all=warning uptime,level,tags foldmultilines=false
 #1: stderr all=off uptime,level,tags foldmultilines=false

Environment Variables:
JAVA_HOME=C:/Program Files/Java/jdk-21.0.11
PATH=C:\Program Files\Git\mingw64\bin;C:\Program Files\Git\usr\bin;C:\Users\moise\bin;C:\Program Files\Common Files\Oracle\Java\javapath;C:\Program Files (x86)\Common Files\Oracle\Java\java8path;C:\Program Files (x86)\Common Files\Oracle\Java\javapath;C:\WINDOWS\system32;C:\WINDOWS;C:\WINDOWS\System32\Wbem;C:\WINDOWS\System32\WindowsPowerShell\v1.0;C:\WINDOWS\System32\OpenSSH;C:\Program Files\Git\cmd;C:\Program Files\nodejs;C:\Users\moise\AppData\Local\Microsoft\WindowsApps;C:\Users\moise\AppData\Local\Programs\Microsoft VS Code\bin;C:\Users\moise\AppData\Roaming\npm;C:\Users\moise\AppData\Local\Android\Sdk\platform-tools;C:\Users\moise\.local\bin;C:\Users\moise\AppData\Local\Programs\DockerDesktop\resources\bin;C:\Users\moise\.bin
USERNAME=moise
TERM=xterm-256color
OS=Windows_NT
PROCESSOR_IDENTIFIER=Intel64 Family 6 Model 151 Stepping 5, GenuineIntel
TMP=C:\Users\moise\AppData\Local\Temp
TEMP=C:\Users\moise\AppData\Local\Temp




Periodic native trim disabled

---------------  S Y S T E M  ---------------

OS:
 Windows 11 , 64 bit Build 26100 (10.0.26100.8875)
OS uptime: 0 days 0:04 hours
Hyper-V role detected

CPU: total 12 (initial active 12) (6 cores per cpu, 2 threads per core) family 6 model 151 stepping 5 microcode 0x3a, cx8, cmov, fxsr, ht, mmx, 3dnowpref, sse, sse2, sse3, ssse3, sse4.1, sse4.2, popcnt, lzcnt, tsc, tscinvbit, avx, avx2, aes, erms, clmul, bmi1, bmi2, adx, sha, fma, vzeroupper, clflush, clflushopt, clwb, hv, serialize, rdtscp, rdpid, fsrm, f16c, cet_ibt, cet_ss
Processor Information for all 12 processors :
  Max Mhz: 2500, Current Mhz: 2500, Mhz Limit: 2500

Memory: 4k page, system-wide physical 16162M (731M free)
TotalPageFile size 65314M (AvailPageFile size 33M)
current process WorkingSet (physical memory assigned to process): 12M, peak: 12M
current process commit charge ("private bytes"): 64M, peak: 318M

vm_info: Java HotSpot(TM) 64-Bit Server VM (21.0.11+9-LTS-211) for windows-amd64 JRE (21.0.11+9-LTS-211), built on 2026-03-11T00:23:15Z by "mach5run" with MS VC++ 17.13 (VS2022)

END.
